⬥ No app server detected. Using simple static server
⬥ Running static server from "白皮书\netlify-deploy"
⬥ Setting up local dev server

⬥ Static server listening to 3999

   ╭─────────────────────── ⬥  ────────────────────────╮
   │                                                   │
   │   Local dev server ready: http://localhost:8891   │
   │                                                   │
   ╰───────────────────────────────────────────────────╯

⬥ Loaded function merchant-applications-submit
⬥ Loaded function node-orders-balance
⬥ Loaded function merchant-orders-config
⬥ Loaded function node-orders-status
⬥ Loaded function merchant-orders-verify
⬥ Loaded function merchant-orders-refresh
⬥ Loaded function merchant-applications-config
⬥ Loaded function node-orders-refresh
⬥ Loaded function merchant-catalog-export
⬥ Loaded function node-orders-config
⬥ Loaded function merchant-orders-balance
⬥ Loaded function node-orders-verify
⬥ Loaded function merchant-assets-upload
⬥ Loaded function merchant-catalog-sync
⬥ Loaded function node-orders-admin
⬥ Loaded function merchant-assets-file
⬥ Loaded function merchant-applications-draft
⬥ Loaded function node-orders-reconcile
⬥ Loaded function merchant-applications-admin
⬥ Loaded function merchant-orders-broadcast
⬥ Loaded function merchant-orders-create
⬥ Loaded function node-orders-broadcast
⬥ Loaded function merchant-orders-status
⬥ Loaded function node-orders-create
Request from ::1: GET /api/merchant-orders/config
Response with status 200 in 361 ms.
Request from ::1: GET /api/node-orders/config
Response with status 200 in 374 ms.
Request from ::1: GET /api/merchant-orders/config
Response with status 200 in 216 ms.
Request from ::1: GET /api/node-orders/config
Response with status 200 in 214 ms.
Request from ::1: GET /api/merchant-orders/config
Response with status 200 in 282 ms.
Request from ::1: GET /api/merchant-orders/config
Response with status 200 in 343 ms.
Request from ::1: GET /api/node-orders/config
Response with status 200 in 256 ms.
Request from ::1: GET /api/merchant-orders/config
Response with status 200 in 284 ms.
Request from ::1: GET /api/merchant-orders/config
Request from ::1: GET /api/node-orders/config
Response with status 200 in 908 ms.
Response with status 200 in 862 ms.
Request from ::1: GET /api/merchant-orders/config
Request from ::1: GET /api/node-orders/config
Response with status 200 in 977 ms.
Response with status 200 in 1075 ms.
